Microchip MPLAB XC8 Compiler V1.38 ()

Linker command line:

-W-3 --edf=C:\Program Files\Microchip\xc8\v1.38\dat\en_msgs.txt -cs \
  -h+dist/default/production\fuzzy.X.production.sym \
  --cmf=dist/default/production\fuzzy.X.production.cmf -z -Q18F4550 \
  -oC:\Users\OSCAR\AppData\Local\Temp\s29o.2 \
  -Mdist/default/production/fuzzy.X.production.map -E1 -ver=XC8 \
  -ASTACK=06F0h-07ffh -pstack=STACK -ACODE=00h-07FFFh -ACONST=00h-07FFFh \
  -ASMALLCONST=0800h-08FFhx120 -AMEDIUMCONST=0800h-07FFFh -ACOMRAM=01h-05Fh \
  -AABS1=00h-07FFh -ABIGRAM=01h-07FFh -ARAM=060h-0FFh,0100h-01FFhx7 \
  -ABANK0=060h-0FFh -ABANK1=0100h-01FFh -ABANK2=0200h-02FFh \
  -ABANK3=0300h-03FFh -ABANK4=0400h-04FFh -ABANK5=0500h-05FFh \
  -ABANK6=0600h-06FFh -ABANK7=0700h-07FFh -ASFR=0F60h-0FFFh \
  -preset_vec=00h,intcode,intcodelo,powerup,init,end_init -pramtop=0800h \
  -psmallconst=SMALLCONST -pmediumconst=MEDIUMCONST -pconst=CONST \
  -AFARRAM=00h-00h -ACONFIG=0300000h-030000Dh -pconfig=CONFIG \
  -AIDLOC=0200000h-0200007h -pidloc=IDLOC -AEEDATA=0F00000h-0F000FFh \
  -peeprom_data=EEDATA \
  -prdata=COMRAM,nvrram=COMRAM,nvbit=COMRAM,rbss=COMRAM,rbit=COMRAM \
  -pfarbss=FARRAM,fardata=FARRAM,nvFARRAM=FARRAM \
  -pintsave_regs=BIGRAM,bigbss=BIGRAM,bigdata=BIGRAM -pbss=RAM \
  -pidata=CODE,irdata=CODE,ibigdata=CODE,ifardata=CODE -prparam=COMRAM \
  C:\Users\OSCAR\AppData\Local\Temp\s29o.obj \
  dist/default/production\fuzzy.X.production.obj 

Object code version is 3.11

Machine type is 18F4550

Call graph: (short form)




                Name                               Link     Load   Length Selector   Space Scale
C:\Users\OSCAR\AppData\Local\Temp\s29o.obj
                end_init                              0        0        4        0       0
                idloc                            200000   200000        8   200000       0
                config                           300000   300000        E   300000       0
dist/default/production\fuzzy.X.production.obj
                smallconst                          800      800       9A      400       0
                text47                             3582     3582       2A      44D       0
                text46                             352C     352C       2C      44D       0
                text45                             361A     361A       20      44D       0
                text44                             369E     369E        E      44D       0
                text43                             30F0     30F0       74      44D       0
                text42                             33F2     33F2       3A      44D       0
                text41                             2E14     2E14       AE      44D       0
                text40                             2A72     2A72       F4      44D       0
                text39                             297E     297E       F4      44D       0
                text38                             35F6     35F6       24      44D       0
                text37                             3308     3308       5A      44D       0
                text36                             368C     368C       12      44D       0
                text35                             3658     3658       1C      44D       0
                text34                             3674     3674       18      44D       0
                text33                             20B6     20B6      1AC      44D       0
                text32                             2C4C     2C4C       E6      44D       0
                text31                             35AC     35AC       26      44D       0
                text30                             2262     2262      162      44D       0
                text29                             3464     3464       38      44D       0
                text28                             287E     287E      100      44D       0
                text27                             2F5A     2F5A       90      44D       0
                text26                             19CE     19CE      264      44D       0
                text25                             2B66     2B66       E6      44D       0
                text24                             35D2     35D2       24      44D       0
                text23                             1E78     1E78      23E      44D       0
                text22                             23C4     23C4      136      44D       0
                text21                             1198     1198      446      44D       0
                text20                             3558     3558       2A      44D       0
                text19                             2D32     2D32       E2      44D       0
                text18                             3362     3362       50      44D       0
                text17                             342C     342C       38      44D       0
                text16                             3164     3164       72      44D       0
                text15                             33B2     33B2       40      44D       0
                text14                             306E     306E       82      44D       0
                text13                             3246     3246       66      44D       0
                text12                             32AC     32AC       5C      44D       0
                text11                             2756     2756      128      44D       0
                text10                             24FA     24FA      132      44D       0
                text9                              2FEA     2FEA       84      44D       0
                text8                              31D6     31D6       70      44D       0
                text7                              1C32     1C32      246      44D       0
                text6                              363A     363A       1E      44D       0
                text5                              15DE     15DE      3F0      44D       0
                text4                               89A      89A      8FE      44D       0
                text3                              34FE     34FE       2E      44D       0
                text2                              349C     349C       32      44D       0
                text1                              262C     262C      12A      44D       0
                text0                              2EC2     2EC2       98      44D       0
                cstackCOMRAM                          1        1       5F        1       1
                cstackBANK0                          60       60       9C       60       1
                cstackBANK1                         100      100       F0      100       1
                cstackBANK2                         200      200       F0      200       1
                cstackBANK3                         300      300       F0      300       1
                cstackBANK4                         400      400       F0      400       1
                cstackBANK5                         500      500       F0      500       1
                cstackBANK6                         600      600       F0      600       1
                dataBANK1                           1F2      1F2        2      100       1
                bssBANK1                            1F0      1F0        2      100       1
                bssBANK0                             FC       FC        3       60       1
                cinit                              34CE     34CE       30      44D       0
                idataBANK1                         36AC     36AC        2      44D       0

TOTAL           Name                               Link     Load   Length     Space
        CLASS   STACK          

        CLASS   CODE           
                end_init                              0        0        4         0
                text47                             3582     3582       2A         0
                text46                             352C     352C       2C         0
                text45                             361A     361A       20         0
                text44                             369E     369E        E         0
                text43                             30F0     30F0       74         0
                text42                             33F2     33F2       3A         0
                text41                             2E14     2E14       AE         0
                text40                             2A72     2A72       F4         0
                text39                             297E     297E       F4         0
                text38                             35F6     35F6       24         0
                text37                             3308     3308       5A         0
                text36                             368C     368C       12         0
                text35                             3658     3658       1C         0
                text34                             3674     3674       18         0
                text33                             20B6     20B6      1AC         0
                text32                             2C4C     2C4C       E6         0
                text31                             35AC     35AC       26         0
                text30                             2262     2262      162         0
                text29                             3464     3464       38         0
                text28                             287E     287E      100         0
                text27                             2F5A     2F5A       90         0
                text26                             19CE     19CE      264         0
                text25                             2B66     2B66       E6         0
                text24                             35D2     35D2       24         0
                text23                             1E78     1E78      23E         0
                text22                             23C4     23C4      136         0
                text21                             1198     1198      446         0
                text20                             3558     3558       2A         0
                text19                             2D32     2D32       E2         0
                text18                             3362     3362       50         0
                text17                             342C     342C       38         0
                text16                             3164     3164       72         0
                text15                             33B2     33B2       40         0
                text14                             306E     306E       82         0
                text13                             3246     3246       66         0
                text12                             32AC     32AC       5C         0
                text11                             2756     2756      128         0
                text10                             24FA     24FA      132         0
                text9                              2FEA     2FEA       84         0
                text8                              31D6     31D6       70         0
                text7                              1C32     1C32      246         0
                text6                              363A     363A       1E         0
                text5                              15DE     15DE      3F0         0
                text4                               89A      89A      8FE         0
                text3                              34FE     34FE       2E         0
                text2                              349C     349C       32         0
                text1                              262C     262C      12A         0
                text0                              2EC2     2EC2       98         0
                cinit                              34CE     34CE       30         0
                idataBANK1                         36AC     36AC        2         0

        CLASS   CONST          

        CLASS   SMALLCONST     
                smallconst                          800      800       9A         0

        CLASS   MEDIUMCONST    

        CLASS   COMRAM         
                cstackCOMRAM                          1        1       5F         1

        CLASS   ABS1           

        CLASS   BIGRAM         

        CLASS   RAM            

        CLASS   BANK0          
                cstackBANK0                          60       60       9C         1
                bssBANK0                             FC       FC        3         1

        CLASS   BANK1          
                cstackBANK1                         100      100       F0         1
                dataBANK1                           1F2      1F2        2         1
                bssBANK1                            1F0      1F0        2         1

        CLASS   BANK2          
                cstackBANK2                         200      200       F0         1

        CLASS   BANK3          
                cstackBANK3                         300      300       F0         1

        CLASS   BANK4          
                cstackBANK4                         400      400       F0         1

        CLASS   BANK5          
                cstackBANK5                         500      500       F0         1

        CLASS   BANK6          
                cstackBANK6                         600      600       F0         1

        CLASS   BANK7          

        CLASS   SFR            

        CLASS   FARRAM         

        CLASS   CONFIG         
                config                           300000   300000        E         0

        CLASS   IDLOC          
                idloc                            200000   200000        8         0

        CLASS   EEDATA         



SEGMENTS        Name                           Load    Length   Top    Selector   Space  Class

                reset_vec                      000000  000004  000004         0       0  CODE    
                cstackCOMRAM                   000001  00005F  000060         1       1  COMRAM  
                cstackBANK0                    000060  00009F  0000FF        60       1  BANK0   
                cstackBANK1                    000100  0000F4  0001F4       100       1  BANK1   
                cstackBANK2                    000200  0000F0  0002F0       200       1  BANK2   
                cstackBANK3                    000300  0000F0  0003F0       300       1  BANK3   
                cstackBANK4                    000400  0000F0  0004F0       400       1  BANK4   
                cstackBANK5                    000500  0000F0  0005F0       500       1  BANK5   
                cstackBANK6                    000600  0000F0  0006F0       600       1  BANK6   
                smallconst                     000800  00009A  00089A       400       0  SMALLCON
                text4                          00089A  002E14  0036AE       44D       0  CODE    
                idloc                          200000  000008  200008    200000       0  IDLOC   
                config                         300000  00000E  30000E    300000       0  CONFIG  


UNUSED ADDRESS RANGES

        Name                Unused          Largest block    Delta
        BANK0            0000FF-0000FF                1
        BANK1            0001F4-0001FF                C
        BANK2            0002F0-0002FF               10
        BANK3            0003F0-0003FF               10
        BANK4            0004F0-0004FF               10
        BANK5            0005F0-0005FF               10
        BANK6            0006F0-0006FF               10
        BANK7            000700-0007FF              100
        BIGRAM           0000FF-0000FF                1
                         0001F4-0001FF                C
                         0002F0-0002FF               10
                         0003F0-0003FF               10
                         0004F0-0004FF               10
                         0005F0-0005FF               10
                         0006F0-0007FF              110
        CODE             000004-0007FF              7FC
                         0036AE-007FFF             4952
        CONST            000004-0007FF              7FC
                         0036AE-007FFF             4952
        EEDATA           F00000-F000FF              100
        MEDIUMCONST      0036AE-007FFF             4952
        RAM              0000FF-0000FF                1
                         0001F4-0001FF                C
                         0002F0-0002FF               10
                         0003F0-0003FF               10
                         0004F0-0004FF               10
                         0005F0-0005FF               10
                         0006F0-0007FF               10
        SFR              000F60-000FFF               A0
        SMALLCONST       0036AE-007FFF              100
        STACK            0006F0-0007FF              110

                                  Symbol Table

?_Leer_ADC                             cstackCOMRAM 000001
?___awdiv                              cstackCOMRAM 000007
?___awmod                              cstackCOMRAM 000001
?___awtoft                             cstackCOMRAM 000009
?___ftadd                              cstackCOMRAM 00002E
?___ftdiv                              cstackCOMRAM 00003A
?___ftmul                              cstackCOMRAM 000015
?___ftneg                              cstackCOMRAM 000001
?___ftpack                             cstackCOMRAM 000001
?___ftsub                              cstackCOMRAM 00003A
?___fttol                              cstackCOMRAM 00002B
?___lbtoft                             cstackCOMRAM 000009
?___lldiv                              cstackCOMRAM 000001
?___llmod                              cstackCOMRAM 00000E
?___lltoft                             cstackCOMRAM 000009
?___wmul                               cstackCOMRAM 00000F
?__div_to_l_                           cstackCOMRAM 000001
?__tdiv_to_l_                          cstackCOMRAM 000001
?_defuzzy                              cstackCOMRAM 000049
?_fround                               cstackCOMRAM 000024
?_fuzzy_system_single                  cstackCOMRAM 00005B
?_scale                                cstackCOMRAM 000024
?_sprintf                              cstackCOMRAM 000040
?_temp_sense                           cstackCOMRAM 000050
?_trapezoidal                          cstackCOMRAM 000049
ADC_select_channel@channel             cstackCOMRAM 000001
Lcd_Cmd@a                              cstackCOMRAM 000003
Lcd_Port@a                             cstackCOMRAM 000001
Lcd_Set_Cursor@a                       cstackCOMRAM 000005
Lcd_Set_Cursor@b                       cstackCOMRAM 000004
Lcd_Set_Cursor@temp                    cstackCOMRAM 000008
Lcd_Set_Cursor@y                       cstackCOMRAM 000007
Lcd_Set_Cursor@z                       cstackCOMRAM 000006
Lcd_Write_Char@a                       cstackCOMRAM 000004
Lcd_Write_Char@temp                    cstackCOMRAM 000002
Lcd_Write_Char@y                       cstackCOMRAM 000003
Lcd_Write_Float@f                      cstackCOMRAM 00004D
Lcd_Write_Float@s                      cstackBANK0  000077
Lcd_Write_String@a                     cstackCOMRAM 000005
Lcd_Write_String@i                     cstackCOMRAM 000009
Leer_ADC@dato_adc                      cstackCOMRAM 000003
OpenPWM1@period                        cstackCOMRAM 000001
OpenTimer2@config                      cstackCOMRAM 000001
PWM_DutyCycle@DC                       cstackCOMRAM 00003D
PWM_DutyCycle@DutyCycle                cstackCOMRAM 00003A
PWM_DutyCycle@percentageDuty           cstackCOMRAM 00003C
PWM_init@period                        cstackCOMRAM 000002
SetDCPWM1@DCycle                       cstackCOMRAM 000005
SetDCPWM1@dutycycle                    cstackCOMRAM 000001
_ADCON0bits                            (abs)        000FC2
_ADCON1bits                            (abs)        000FC1
_ADCON2bits                            (abs)        000FC0
_ADC_select_channel                    text19       002D32
_ADRESH                                (abs)        000FC4
_ADRESL                                (abs)        000FC3
_CCP1CON                               (abs)        000FBD
_CCPR1L                                (abs)        000FBE
_DutyCycle                             bssBANK1     0001F0
_Init_ADC                              text47       003582
_Lcd_Clear                             text44       00369E
_Lcd_Cmd                               text45       00361A
_Lcd_Init                              text43       0030F0
_Lcd_Port                              text46       00352C
_Lcd_Set_Cursor                        text18       003362
_Lcd_Write_Char                        text17       00342C
_Lcd_Write_Float                       text3        0034FE
_Lcd_Write_String                      text16       003164
_Leer_ADC                              text2        00349C
_OpenPWM1                              text36       00368C
_OpenTimer2                            text35       003658
_PIE1bits                              (abs)        000F9D
_PIR1bits                              (abs)        000F9E
_PORTA                                 (abs)        000F80
_PORTB                                 (abs)        000F81
_PORTC                                 (abs)        000F82
_PORTD                                 (abs)        000F83
_PORTDbits                             (abs)        000F83
_PORTE                                 (abs)        000F84
_PORTEbits                             (abs)        000F84
_PR2                                   (abs)        000FCB
_PWM_DutyCycle                         text37       003308
_PWM_init                              text34       003674
_SetDCPWM1                             text42       0033F2
_T2CON                                 (abs)        000FCA
_T2CONbits                             (abs)        000FCA
_TMR2                                  (abs)        000FCC
_TRISA                                 (abs)        000F92
_TRISAbits                             (abs)        000F92
_TRISB                                 (abs)        000F93
_TRISC                                 (abs)        000F94
_TRISCbits                             (abs)        000F94
_TRISD                                 (abs)        000F95
_TRISE                                 (abs)        000F96
_Timer2Config                          bssBANK0     0000FE
__CFG_BOR$OFF                          (abs)        000000
__CFG_BORV$3                           (abs)        000000
__CFG_CCP2MX$ON                        (abs)        000000
__CFG_CP0$OFF                          (abs)        000000
__CFG_CP1$OFF                          (abs)        000000
__CFG_CP2$OFF                          (abs)        000000
__CFG_CP3$OFF                          (abs)        000000
__CFG_CPB$OFF                          (abs)        000000
__CFG_CPD$OFF                          (abs)        000000
__CFG_CPUDIV$OSC1_PLL2                 (abs)        000000
__CFG_DEBUG$OFF                        (abs)        000000
__CFG_EBTR0$OFF                        (abs)        000000
__CFG_EBTR1$OFF                        (abs)        000000
__CFG_EBTR2$OFF                        (abs)        000000
__CFG_EBTR3$OFF                        (abs)        000000
__CFG_EBTRB$OFF                        (abs)        000000
__CFG_FCMEN$OFF                        (abs)        000000
__CFG_FOSC$INTOSCIO_EC                 (abs)        000000
__CFG_ICPRT$OFF                        (abs)        000000
__CFG_IESO$OFF                         (abs)        000000
__CFG_LPT1OSC$OFF                      (abs)        000000
__CFG_LVP$OFF                          (abs)        000000
__CFG_MCLRE$ON                         (abs)        000000
__CFG_PBADEN$OFF                       (abs)        000000
__CFG_PLLDIV$1                         (abs)        000000
__CFG_PWRT$OFF                         (abs)        000000
__CFG_STVREN$ON                        (abs)        000000
__CFG_USBDIV$2                         (abs)        000000
__CFG_VREGEN$OFF                       (abs)        000000
__CFG_WDT$OFF                          (abs)        000000
__CFG_WDTPS$32768                      (abs)        000000
__CFG_WRT0$OFF                         (abs)        000000
__CFG_WRT1$OFF                         (abs)        000000
__CFG_WRT2$OFF                         (abs)        000000
__CFG_WRT3$OFF                         (abs)        000000
__CFG_WRTB$OFF                         (abs)        000000
__CFG_WRTC$OFF                         (abs)        000000
__CFG_WRTD$OFF                         (abs)        000000
__CFG_XINST$OFF                        (abs)        000000
__HRAM                                 (abs)        000000
__Habs1                                abs1         000000
__Hbank0                               bank0        000000
__Hbank1                               bank1        000000
__Hbank2                               bank2        000000
__Hbank3                               bank3        000000
__Hbank4                               bank4        000000
__Hbank5                               bank5        000000
__Hbank6                               bank6        000000
__Hbank7                               bank7        000000
__Hbigbss                              bigbss       000000
__Hbigdata                             bigdata      000000
__Hbigram                              bigram       000000
__Hbss                                 bss          000000
__HbssBANK0                            bssBANK0     000000
__HbssBANK1                            bssBANK1     000000
__Hcinit                               cinit        000000
__Hclrtext                             clrtext      000000
__Hcomram                              comram       000000
__Hconfig                              config       30000E
__Hconst                               const        000000
__HcstackBANK0                         cstackBANK0  000000
__HcstackBANK1                         cstackBANK1  000000
__HcstackBANK2                         cstackBANK2  000000
__HcstackBANK3                         cstackBANK3  000000
__HcstackBANK4                         cstackBANK4  000000
__HcstackBANK5                         cstackBANK5  000000
__HcstackBANK6                         cstackBANK6  000000
__HcstackCOMRAM                        cstackCOMRAM 000000
__Hdata                                data         000000
__HdataBANK1                           dataBANK1    000000
__Heeprom_data                         eeprom_data  000000
__Hend_init                            end_init     000004
__Hfarbss                              farbss       000000
__Hfardata                             fardata      000000
__Hibigdata                            ibigdata     000000
__Hidata                               idata        000000
__HidataBANK1                          idataBANK1   000000
__Hidloc                               idloc        200008
__Hifardata                            ifardata     000000
__Hinit                                init         000000
__Hintcode                             intcode      000000
__Hintcode_body                        intcode_body 000000
__Hintcodelo                           intcodelo    000000
__Hintentry                            intentry     000000
__Hintret                              intret       000000
__Hintsave_regs                        intsave_regs 000000
__Hirdata                              irdata       000000
__Hmediumconst                         mediumconst  000000
__HnvFARRAM                            nvFARRAM     000000
__Hnvbit                               nvbit        000000
__Hnvrram                              nvrram       000000
__Hparam                               rparam       000000
__Hpowerup                             powerup      000000
__Hram                                 ram          000000
__Hramtop                              ramtop       000800
__Hrbit                                rbit         000000
__Hrbss                                rbss         000000
__Hrdata                               rdata        000000
__Hreset_vec                           reset_vec    000000
__Hrparam                              rparam       000000
__Hsfr                                 sfr          000000
__Hsmallconst                          smallconst   00089A
__Hspace_0                             (abs)        30000E
__Hspace_1                             (abs)        0006F0
__Hspace_2                             (abs)        000000
__Hstack                               stack        000000
__Hstruct                              struct       000000
__Htemp                                temp         000000
__Htext                                text         000000
__Htext0                               text0        000000
__Htext1                               text1        000000
__Htext10                              text10       000000
__Htext11                              text11       000000
__Htext12                              text12       000000
__Htext13                              text13       000000
__Htext14                              text14       000000
__Htext15                              text15       000000
__Htext16                              text16       000000
__Htext17                              text17       000000
__Htext18                              text18       000000
__Htext19                              text19       000000
__Htext2                               text2        000000
__Htext20                              text20       000000
__Htext21                              text21       000000
__Htext22                              text22       000000
__Htext23                              text23       000000
__Htext24                              text24       000000
__Htext25                              text25       000000
__Htext26                              text26       000000
__Htext27                              text27       000000
__Htext28                              text28       000000
__Htext29                              text29       000000
__Htext3                               text3        000000
__Htext30                              text30       000000
__Htext31                              text31       000000
__Htext32                              text32       000000
__Htext33                              text33       000000
__Htext34                              text34       000000
__Htext35                              text35       000000
__Htext36                              text36       000000
__Htext37                              text37       000000
__Htext38                              text38       000000
__Htext39                              text39       000000
__Htext4                               text4        000000
__Htext40                              text40       000000
__Htext41                              text41       000000
__Htext42                              text42       000000
__Htext43                              text43       000000
__Htext44                              text44       000000
__Htext45                              text45       000000
__Htext46                              text46       000000
__Htext47                              text47       000000
__Htext5                               text5        000000
__Htext6                               text6        000000
__Htext7                               text7        000000
__Htext8                               text8        000000
__Htext9                               text9        000000
__LRAM                                 (abs)        000001
__Labs1                                abs1         000000
__Lbank0                               bank0        000000
__Lbank1                               bank1        000000
__Lbank2                               bank2        000000
__Lbank3                               bank3        000000
__Lbank4                               bank4        000000
__Lbank5                               bank5        000000
__Lbank6                               bank6        000000
__Lbank7                               bank7        000000
__Lbigbss                              bigbss       000000
__Lbigdata                             bigdata      000000
__Lbigram                              bigram       000000
__Lbss                                 bss          000000
__LbssBANK0                            bssBANK0     000000
__LbssBANK1                            bssBANK1     000000
__Lcinit                               cinit        000000
__Lclrtext                             clrtext      000000
__Lcomram                              comram       000000
__Lconfig                              config       300000
__Lconst                               const        000000
__LcstackBANK0                         cstackBANK0  000000
__LcstackBANK1                         cstackBANK1  000000
__LcstackBANK2                         cstackBANK2  000000
__LcstackBANK3                         cstackBANK3  000000
__LcstackBANK4                         cstackBANK4  000000
__LcstackBANK5                         cstackBANK5  000000
__LcstackBANK6                         cstackBANK6  000000
__LcstackCOMRAM                        cstackCOMRAM 000000
__Ldata                                data         000000
__LdataBANK1                           dataBANK1    000000
__Leeprom_data                         eeprom_data  000000
__Lend_init                            end_init     000000
__Lfarbss                              farbss       000000
__Lfardata                             fardata      000000
__Libigdata                            ibigdata     000000
__Lidata                               idata        000000
__LidataBANK1                          idataBANK1   000000
__Lidloc                               idloc        200000
__Lifardata                            ifardata     000000
__Linit                                init         000000
__Lintcode                             intcode      000000
__Lintcode_body                        intcode_body 000000
__Lintcodelo                           intcodelo    000000
__Lintentry                            intentry     000000
__Lintret                              intret       000000
__Lintsave_regs                        intsave_regs 000000
__Lirdata                              irdata       000000
__Lmediumconst                         mediumconst  000000
__LnvFARRAM                            nvFARRAM     000000
__Lnvbit                               nvbit        000000
__Lnvrram                              nvrram       000000
__Lparam                               rparam       000000
__Lpowerup                             powerup      000000
__Lram                                 ram          000000
__Lramtop                              ramtop       000800
__Lrbit                                rbit         000000
__Lrbss                                rbss         000000
__Lrdata                               rdata        000000
__Lreset_vec                           reset_vec    000000
__Lrparam                              rparam       000000
__Lsfr                                 sfr          000000
__Lsmallconst                          smallconst   000800
__Lspace_0                             (abs)        000000
__Lspace_1                             (abs)        000000
__Lspace_2                             (abs)        000000
__Lstack                               stack        000000
__Lstruct                              struct       000000
__Ltemp                                temp         000000
__Ltext                                text         000000
__Ltext0                               text0        000000
__Ltext1                               text1        000000
__Ltext10                              text10       000000
__Ltext11                              text11       000000
__Ltext12                              text12       000000
__Ltext13                              text13       000000
__Ltext14                              text14       000000
__Ltext15                              text15       000000
__Ltext16                              text16       000000
__Ltext17                              text17       000000
__Ltext18                              text18       000000
__Ltext19                              text19       000000
__Ltext2                               text2        000000
__Ltext20                              text20       000000
__Ltext21                              text21       000000
__Ltext22                              text22       000000
__Ltext23                              text23       000000
__Ltext24                              text24       000000
__Ltext25                              text25       000000
__Ltext26                              text26       000000
__Ltext27                              text27       000000
__Ltext28                              text28       000000
__Ltext29                              text29       000000
__Ltext3                               text3        000000
__Ltext30                              text30       000000
__Ltext31                              text31       000000
__Ltext32                              text32       000000
__Ltext33                              text33       000000
__Ltext34                              text34       000000
__Ltext35                              text35       000000
__Ltext36                              text36       000000
__Ltext37                              text37       000000
__Ltext38                              text38       000000
__Ltext39                              text39       000000
__Ltext4                               text4        000000
__Ltext40                              text40       000000
__Ltext41                              text41       000000
__Ltext42                              text42       000000
__Ltext43                              text43       000000
__Ltext44                              text44       000000
__Ltext45                              text45       000000
__Ltext46                              text46       000000
__Ltext47                              text47       000000
__Ltext5                               text5        000000
__Ltext6                               text6        000000
__Ltext7                               text7        000000
__Ltext8                               text8        000000
__Ltext9                               text9        000000
__S0                                   (abs)        30000E
__S1                                   (abs)        0006F0
__S2                                   (abs)        000000
___awdiv                               text9        002FEA
___awdiv@counter                       cstackCOMRAM 00000B
___awdiv@dividend                      cstackCOMRAM 000007
___awdiv@divisor                       cstackCOMRAM 000009
___awdiv@quotient                      cstackCOMRAM 00000D
___awdiv@sign                          cstackCOMRAM 00000C
___awmod                               text8        0031D6
___awmod@counter                       cstackCOMRAM 000005
___awmod@dividend                      cstackCOMRAM 000001
___awmod@divisor                       cstackCOMRAM 000003
___awmod@sign                          cstackCOMRAM 000006
___awtoft                              text29       003464
___awtoft@c                            cstackCOMRAM 000009
___awtoft@sign                         cstackCOMRAM 00000C
___ftadd                               text33       0020B6
___ftadd@exp1                          cstackCOMRAM 000039
___ftadd@exp2                          cstackCOMRAM 000038
___ftadd@f1                            cstackCOMRAM 00002E
___ftadd@f2                            cstackCOMRAM 000031
___ftadd@sign                          cstackCOMRAM 000037
___ftdiv                               text32       002C4C
___ftdiv@cntr                          cstackCOMRAM 000043
___ftdiv@exp                           cstackCOMRAM 000047
___ftdiv@f1                            cstackCOMRAM 00003A
___ftdiv@f2                            cstackCOMRAM 00003D
___ftdiv@f3                            cstackCOMRAM 000044
___ftdiv@sign                          cstackCOMRAM 000048
___ftge                                text27       002F5A
___ftge@ff1                            cstackCOMRAM 000015
___ftge@ff2                            cstackCOMRAM 000018
___ftmul                               text40       002A72
___ftmul@cntr                          cstackCOMRAM 000022
___ftmul@exp                           cstackCOMRAM 00001E
___ftmul@f1                            cstackCOMRAM 000015
___ftmul@f2                            cstackCOMRAM 000018
___ftmul@f3_as_product                 cstackCOMRAM 00001F
___ftmul@sign                          cstackCOMRAM 000023
___ftneg                               text24       0035D2
___ftneg@f1                            cstackCOMRAM 000001
___ftpack                              text41       002E14
___ftpack@arg                          cstackCOMRAM 000001
___ftpack@exp                          cstackCOMRAM 000004
___ftpack@sign                         cstackCOMRAM 000005
___ftsub                               text15       0033B2
___ftsub@f1                            cstackCOMRAM 00003A
___ftsub@f2                            cstackCOMRAM 00003D
___fttol                               text39       00297E
___fttol@exp1                          cstackCOMRAM 000039
___fttol@f1                            cstackCOMRAM 00002B
___fttol@lval                          cstackCOMRAM 000035
___fttol@sign1                         cstackCOMRAM 000034
___inthi_sp                            stack        000000
___intlo_sp                            stack        000000
___lbtoft                              text38       0035F6
___lbtoft@c                            cstackCOMRAM 00000C
___lldiv                               text14       00306E
___lldiv@counter                       cstackCOMRAM 00000D
___lldiv@dividend                      cstackCOMRAM 000001
___lldiv@divisor                       cstackCOMRAM 000005
___lldiv@quotient                      cstackCOMRAM 000009
___llmod                               text13       003246
___llmod@counter                       cstackCOMRAM 000016
___llmod@dividend                      cstackCOMRAM 00000E
___llmod@divisor                       cstackCOMRAM 000012
___lltoft                              text12       0032AC
___lltoft@c                            cstackCOMRAM 000009
___lltoft@exp                          cstackCOMRAM 000011
___param_bank                          (abs)        000010
___rparam_used                         (abs)        000001
___sp                                  stack        000000
___wmul                                text31       0035AC
___wmul@multiplicand                   cstackCOMRAM 000011
___wmul@multiplier                     cstackCOMRAM 00000F
___wmul@product                        cstackCOMRAM 000013
__accesstop                            (abs)        000060
__activetblptr                         (abs)        000002
__div_to_l_                            text11       002756
__div_to_l_@cntr                       cstackCOMRAM 00000B
__div_to_l_@exp1                       cstackCOMRAM 00000C
__div_to_l_@f1                         cstackCOMRAM 000001
__div_to_l_@f2                         cstackCOMRAM 000004
__div_to_l_@quot                       cstackCOMRAM 000007
__end_of_ADC_select_channel            text19       002E14
__end_of_Init_ADC                      text47       0035AC
__end_of_Lcd_Clear                     text44       0036AC
__end_of_Lcd_Cmd                       text45       00363A
__end_of_Lcd_Init                      text43       003164
__end_of_Lcd_Port                      text46       003558
__end_of_Lcd_Set_Cursor                text18       0033B2
__end_of_Lcd_Write_Char                text17       003464
__end_of_Lcd_Write_Float               text3        00352C
__end_of_Lcd_Write_String              text16       0031D6
__end_of_Leer_ADC                      text2        0034CE
__end_of_OpenPWM1                      text36       00369E
__end_of_OpenTimer2                    text35       003674
__end_of_PWM_DutyCycle                 text37       003362
__end_of_PWM_init                      text34       00368C
__end_of_SetDCPWM1                     text42       00342C
__end_of___awdiv                       text9        00306E
__end_of___awmod                       text8        003246
__end_of___awtoft                      text29       00349C
__end_of___ftadd                       text33       002262
__end_of___ftdiv                       text32       002D32
__end_of___ftge                        text27       002FEA
__end_of___ftmul                       text40       002B66
__end_of___ftneg                       text24       0035F6
__end_of___ftpack                      text41       002EC2
__end_of___ftsub                       text15       0033F2
__end_of___fttol                       text39       002A72
__end_of___lbtoft                      text38       00361A
__end_of___lldiv                       text14       0030F0
__end_of___llmod                       text13       0032AC
__end_of___lltoft                      text12       003308
__end_of___wmul                        text31       0035D2
__end_of__div_to_l_                    text11       00287E
__end_of__initialization               cinit        0034F4
__end_of__npowers_                     smallconst   000850
__end_of__powers_                      smallconst   000877
__end_of__tdiv_to_l_                   text10       00262C
__end_of_defuzzy                       text30       0023C4
__end_of_dpowers                       smallconst   000829
__end_of_fround                        text7        001E78
__end_of_fuzzy_system_single           text21       0015DE
__end_of_isdigit                       text6        003658
__end_of_linspace                      text28       00297E
__end_of_main                          text0        002F5A
__end_of_mcu_init                      text20       003582
__end_of_out_mf                        text26       001C32
__end_of_qualified                     text25       002C4C
__end_of_scale                         text5        0019CE
__end_of_sprintf                       text4        001198
__end_of_temp_sense                    text1        002756
__end_of_trap_mf                       text22       0024FA
__end_of_trapezoidal                   text23       0020B6
__initialization                       cinit        0034CE
__mediumconst                          mediumconst  000000
__npowers_                             smallconst   000829
__pbssBANK0                            bssBANK0     0000FC
__pbssBANK1                            bssBANK1     0001F0
__pcinit                               cinit        0034CE
__pcstackBANK0                         cstackBANK0  000060
__pcstackBANK1                         cstackBANK1  000100
__pcstackBANK2                         cstackBANK2  000200
__pcstackBANK3                         cstackBANK3  000300
__pcstackBANK4                         cstackBANK4  000400
__pcstackBANK5                         cstackBANK5  000500
__pcstackBANK6                         cstackBANK6  000600
__pcstackCOMRAM                        cstackCOMRAM 000001
__pdataBANK1                           dataBANK1    0001F2
__pidataBANK1                          idataBANK1   0036AC
__powers_                              smallconst   000850
__psmallconst                          smallconst   000800
__ptext0                               text0        002EC2
__ptext1                               text1        00262C
__ptext10                              text10       0024FA
__ptext11                              text11       002756
__ptext12                              text12       0032AC
__ptext13                              text13       003246
__ptext14                              text14       00306E
__ptext15                              text15       0033B2
__ptext16                              text16       003164
__ptext17                              text17       00342C
__ptext18                              text18       003362
__ptext19                              text19       002D32
__ptext2                               text2        00349C
__ptext20                              text20       003558
__ptext21                              text21       001198
__ptext22                              text22       0023C4
__ptext23                              text23       001E78
__ptext24                              text24       0035D2
__ptext25                              text25       002B66
__ptext26                              text26       0019CE
__ptext27                              text27       002F5A
__ptext28                              text28       00287E
__ptext29                              text29       003464
__ptext3                               text3        0034FE
__ptext30                              text30       002262
__ptext31                              text31       0035AC
__ptext32                              text32       002C4C
__ptext33                              text33       0020B6
__ptext34                              text34       003674
__ptext35                              text35       003658
__ptext36                              text36       00368C
__ptext37                              text37       003308
__ptext38                              text38       0035F6
__ptext39                              text39       00297E
__ptext4                               text4        00089A
__ptext40                              text40       002A72
__ptext41                              text41       002E14
__ptext42                              text42       0033F2
__ptext43                              text43       0030F0
__ptext44                              text44       00369E
__ptext45                              text45       00361A
__ptext46                              text46       00352C
__ptext47                              text47       003582
__ptext5                               text5        0015DE
__ptext6                               text6        00363A
__ptext7                               text7        001C32
__ptext8                               text8        0031D6
__ptext9                               text9        002FEA
__ramtop                               ramtop       000800
__size_of_ADC_select_channel           (abs)        000000
__size_of_Init_ADC                     (abs)        000000
__size_of_Lcd_Clear                    (abs)        000000
__size_of_Lcd_Cmd                      (abs)        000000
__size_of_Lcd_Init                     (abs)        000000
__size_of_Lcd_Port                     (abs)        000000
__size_of_Lcd_Set_Cursor               (abs)        000000
__size_of_Lcd_Write_Char               (abs)        000000
__size_of_Lcd_Write_Float              (abs)        000000
__size_of_Lcd_Write_String             (abs)        000000
__size_of_Leer_ADC                     (abs)        000000
__size_of_OpenPWM1                     (abs)        000000
__size_of_OpenTimer2                   (abs)        000000
__size_of_PWM_DutyCycle                (abs)        000000
__size_of_PWM_init                     (abs)        000000
__size_of_SetDCPWM1                    (abs)        000000
__size_of___awdiv                      (abs)        000000
__size_of___awmod                      (abs)        000000
__size_of___awtoft                     (abs)        000000
__size_of___ftadd                      (abs)        000000
__size_of___ftdiv                      (abs)        000000
__size_of___ftge                       (abs)        000000
__size_of___ftmul                      (abs)        000000
__size_of___ftneg                      (abs)        000000
__size_of___ftpack                     (abs)        000000
__size_of___ftsub                      (abs)        000000
__size_of___fttol                      (abs)        000000
__size_of___lbtoft                     (abs)        000000
__size_of___lldiv                      (abs)        000000
__size_of___llmod                      (abs)        000000
__size_of___lltoft                     (abs)        000000
__size_of___wmul                       (abs)        000000
__size_of__div_to_l_                   (abs)        000000
__size_of__tdiv_to_l_                  (abs)        000000
__size_of_defuzzy                      (abs)        000000
__size_of_fround                       (abs)        000000
__size_of_fuzzy_system_single          (abs)        000000
__size_of_isdigit                      (abs)        000000
__size_of_linspace                     (abs)        000000
__size_of_main                         (abs)        000000
__size_of_mcu_init                     (abs)        000000
__size_of_out_mf                       (abs)        000000
__size_of_qualified                    (abs)        000000
__size_of_scale                        (abs)        000000
__size_of_sprintf                      (abs)        000000
__size_of_temp_sense                   (abs)        000000
__size_of_trap_mf                      (abs)        000000
__size_of_trapezoidal                  (abs)        000000
__smallconst                           smallconst   000800
__tdiv_to_l_                           text10       0024FA
__tdiv_to_l_@cntr                      cstackCOMRAM 00000E
__tdiv_to_l_@exp1                      cstackCOMRAM 00000F
__tdiv_to_l_@f1                        cstackCOMRAM 000001
__tdiv_to_l_@f2                        cstackCOMRAM 000004
__tdiv_to_l_@quot                      cstackCOMRAM 00000A
_countup                               dataBANK1    0001F2
_defuzzy                               text30       002262
_dpowers                               smallconst   000801
_fround                                text7        001C32
_fround$1523                           cstackCOMRAM 00002A
_fround$1524                           cstackCOMRAM 000027
_fuzzy_system_single                   text21       001198
_i                                     bssBANK0     0000FC
_isdigit                               text6        00363A
_isdigit$1148                          cstackCOMRAM 000002
_linspace                              text28       00287E
_main                                  text0        002EC2
_mcu_init                              text20       003558
_out_mf                                text26       0019CE
_qualified                             text25       002B66
_scale                                 text5        0015DE
_scale$1525                            cstackCOMRAM 000027
_sprintf                               text4        00089A
_sprintf$1526                          cstackBANK0  000060
_temp_sense                            text1        00262C
_trap_mf                               text22       0023C4
_trapezoidal                           text23       001E78
defuzzy@i                              cstackCOMRAM 000056
defuzzy@mf                             cstackCOMRAM 00004B
defuzzy@out                            cstackCOMRAM 00004D
defuzzy@sum1                           cstackCOMRAM 000050
defuzzy@sum2                           cstackCOMRAM 000053
defuzzy@x                              cstackCOMRAM 000049
end_of_initialization                  cinit        0034F4
fround@prec                            cstackCOMRAM 00002D
fuzzy_system_single@ante_mf1           cstackBANK1  000100
fuzzy_system_single@ante_mf2           cstackBANK1  000178
fuzzy_system_single@ante_mf3           cstackBANK2  000200
fuzzy_system_single@cons_mf1           cstackBANK2  000278
fuzzy_system_single@cons_mf2           cstackBANK3  000300
fuzzy_system_single@cons_mf3           cstackBANK3  000378
fuzzy_system_single@input              cstackCOMRAM 00005B
fuzzy_system_single@output             cstackBANK0  0000F3
fuzzy_system_single@overall_out_mf     cstackBANK5  000578
fuzzy_system_single@qualified_cons_mf1 cstackBANK4  000400
fuzzy_system_single@qualified_cons_mf2 cstackBANK4  000478
fuzzy_system_single@qualified_cons_mf3 cstackBANK5  000500
fuzzy_system_single@w1                 cstackBANK0  0000EA
fuzzy_system_single@w2                 cstackBANK0  0000ED
fuzzy_system_single@w3                 cstackBANK0  0000F0
fuzzy_system_single@x                  cstackBANK6  000600
fuzzy_system_single@y                  cstackBANK6  000678
intlevel0                              text         000000
intlevel1                              text         000000
intlevel2                              text         000000
intlevel3                              text         000000
isdigit@c                              cstackCOMRAM 000003
linspace@end                           cstackCOMRAM 00004E
linspace@i                             cstackCOMRAM 000055
linspace@size                          cstackCOMRAM 000051
linspace@start                         cstackCOMRAM 00004B
linspace@x                             cstackCOMRAM 000049
main@duty                              cstackBANK0  0000F9
main@temperatura                       cstackBANK0  0000F6
out_mf@i                               cstackCOMRAM 000026
out_mf@result                          cstackCOMRAM 00001E
out_mf@x                               cstackCOMRAM 000020
out_mf@y                               cstackCOMRAM 000022
out_mf@z                               cstackCOMRAM 000024
qualified@i                            cstackCOMRAM 000028
qualified@min                          cstackCOMRAM 000025
qualified@w                            cstackCOMRAM 000022
qualified@x                            cstackCOMRAM 000020
qualified@y                            cstackCOMRAM 00001E
scale@scl                              cstackCOMRAM 00002A
sprintf@ap                             cstackBANK0  000063
sprintf@c                              cstackBANK0  000076
sprintf@exp                            cstackBANK0  000067
sprintf@f                              cstackCOMRAM 000042
sprintf@flag                           cstackBANK0  000065
sprintf@fval                           cstackBANK0  000073
sprintf@prec                           cstackBANK0  000071
sprintf@sp                             cstackCOMRAM 000040
sprintf@tmpval                         cstackBANK0  000069
sprintf@val                            cstackBANK0  00006D
stackhi                                (abs)        0007FF
stacklo                                (abs)        0006F0
start                                  init         000000
start_initialization                   cinit        0034CE
temp_sense@adc_result                  cstackCOMRAM 000058
temp_sense@canal                       cstackCOMRAM 000054
temp_sense@i                           cstackCOMRAM 00005E
temp_sense@temperatura                 cstackCOMRAM 00005B
temp_sense@vin                         cstackCOMRAM 000055
trap_mf@a                              cstackBANK0  000064
trap_mf@b                              cstackBANK0  000067
trap_mf@c                              cstackBANK0  00006A
trap_mf@d                              cstackBANK0  00006D
trap_mf@i                              cstackBANK0  0000E8
trap_mf@t_value                        cstackBANK0  000060
trap_mf@temp                           cstackBANK0  000070
trap_mf@x                              cstackBANK0  000062
trapezoidal@a                          cstackCOMRAM 000049
trapezoidal@b                          cstackCOMRAM 00004C
trapezoidal@c                          cstackCOMRAM 00004F
trapezoidal@d                          cstackCOMRAM 000052
trapezoidal@ux                         cstackCOMRAM 000058
trapezoidal@x                          cstackCOMRAM 000055


FUNCTION INFORMATION:

 *************** function _main *****************
 Defined at:
		line 26 in file "main.c"
 Parameters:    Size  Location     Type
		None
 Auto vars:     Size  Location     Type
  duty            3  153[BANK0 ] PTR unsigned char 
  temperatura     3  150[BANK0 ] PTR unsigned char 
 Return value:  Size  Location     Type
                  2   79[None  ] int 
 Registers used:
		wreg, fsr0l, fsr0h, fsr1l, fsr1h, fsr2l, fsr2h, status,2, status,0, tblptrl, tblptrh, tblptru, prodl, prodh, cstack
 Tracked objects:
		On entry : 
		On exit  : 
		Unchanged: 
 Data sizes:     COMRAM   BANK0   BANK1   BANK2   BANK3   BANK4   BANK5   BANK6   BANK7
      Params:         0       0       0       0       0       0       0       0       0
      Locals:         0       6       0       0       0       0       0       0       0
      Temps:          0       0       0       0       0       0       0       0       0
      Totals:         0       6       0       0       0       0       0       0       0
Total ram usage:        6 bytes
 Hardware stack levels required when called:    6
 This function calls:
		_Init_ADC
		_Lcd_Clear
		_Lcd_Init
		_Lcd_Set_Cursor
		_Lcd_Write_Float
		_Lcd_Write_String
		_PWM_DutyCycle
		_PWM_init
		___fttol
		_fuzzy_system_single
		_mcu_init
		_temp_sense
 This function is called by:
		Startup code after reset
 This function uses a non-reentrant model


 *************** function _temp_sense *****************
 Defined at:
		line 11 in file "lm35.c"
 Parameters:    Size  Location     Type
  canal           1    wreg     unsigned char 
 Auto vars:     Size  Location     Type
  canal           1   83[COMRAM] unsigned char 
  i               2   93[COMRAM] int 
  temperatura     3   90[COMRAM] int 
  adc_result      3   87[COMRAM] int 
  vin             3   84[COMRAM] int 
 Return value:  Size  Location     Type
                  3   79[COMRAM] int 
 Registers used:
		wreg, fsr0l, fsr0h, fsr2l, fsr2h, status,2, status,0, tblptrl, tblptrh, tblptru, prodl, prodh, cstack
 Tracked objects:
		On entry : 
		On exit  : 
		Unchanged: 
 Data sizes:     COMRAM   BANK0   BANK1   BANK2   BANK3   BANK4   BANK5   BANK6   BANK7
      Params:         3       0       0       0       0       0       0       0       0
      Locals:        12       0       0       0       0       0       0       0       0
      Temps:          1       0       0       0       0       0       0       0       0
      Totals:        16       0       0       0       0       0       0       0       0
Total ram usage:       16 bytes
 Hardware stack levels used:    1
 Hardware stack levels required when called:    5
 This function calls:
		_ADC_select_channel
		_Lcd_Set_Cursor
		_Lcd_Write_Float
		_Lcd_Write_String
		_Leer_ADC
		___awtoft
		___ftdiv
		___ftmul
 This function is called by:
		_main
 This function uses a non-reentrant model


 *************** function _Leer_ADC *****************
 Defined at:
		line 19 in file "ADC.c"
 Parameters:    Size  Location     Type
		None
 Auto vars:     Size  Location     Type
  dato_adc        2    2[COMRAM] int 
 Return value:  Size  Location     Type
                  2    0[COMRAM] int 
 Registers used:
		wreg, status,2, status,0
 Tracked objects:
		On entry : 
		On exit  : 
		Unchanged: 
 Data sizes:     COMRAM   BANK0   BANK1   BANK2   BANK3   BANK4   BANK5   BANK6   BANK7
      Params:         2       0       0       0       0       0       0       0       0
      Locals:         2       0       0       0       0       0       0       0       0
      Temps:          0       0       0       0       0       0       0       0       0
      Totals:         4       0       0       0       0       0       0       0       0
Total ram usage:        4 bytes
 Hardware stack levels used:    1
 This function calls:
		Nothing
 This function is called by:
		_temp_sense
 This function uses a non-reentrant model


 *************** function _Lcd_Write_Float *****************
 Defined at:
		line 118 in file "lcd.c"
 Parameters:    Size  Location     Type
  f               3   76[COMRAM] float 
 Auto vars:     Size  Location     Type
  s              20   23[BANK0 ] unsigned char [20]
 Return value:  Size  Location     Type
                  1    wreg      void 
 Registers used:
		wreg, fsr0l, fsr0h, fsr2l, fsr2h, status,2, status,0, tblptrl, tblptrh, tblptru, prodl, prodh, cstack
 Tracked objects:
		On entry : 
		On exit  : 
		Unchanged: 
 Data sizes:     COMRAM   BANK0   BANK1   BANK2   BANK3   BANK4   BANK5   BANK6   BANK7
      Params:         3       0       0       0       0       0       0       0       0
      Locals:         0      20       0       0       0       0       0       0       0
      Temps:          0       0       0       0       0       0       0       0       0
      Totals:         3      20       0       0       0       0       0       0       0
Total ram usage:       23 bytes
 Hardware stack levels used:    1
 Hardware stack levels required when called:    4
 This function calls:
		_Lcd_Write_String
		_sprintf
 This function is called by:
		_main
		_temp_sense
 This function uses a non-reentrant model


 *************** function _sprintf *****************
 Defined at:
		line 492 in file "C:\Program Files\Microchip\xc8\v1.38\sources\common\doprnt.c"
 Parameters:    Size  Location     Type
  sp              2   63[COMRAM] PTR unsigned char 
		 -> Lcd_Write_Integer@s(20), Lcd_Write_Float@s(20), 
  f               2   65[COMRAM] PTR const unsigned char 
		 -> STR_2(5), STR_1(5), 
 Auto vars:     Size  Location     Type
  val             4   13[BANK0 ] unsigned long 
  tmpval          4    9[BANK0 ] struct .
  fval            3   19[BANK0 ] struct .
  cp              3    0        PTR const unsigned char 
  prec            2   17[BANK0 ] int 
  exp             2    7[BANK0 ] int 
  flag            2    5[BANK0 ] unsigned short 
  ap              2    3[BANK0 ] PTR void [1]
		 -> ?_sprintf(2), 
  len             2    0        unsigned int 
  width           2    0        int 
  c               1   22[BANK0 ] char 
  d               1    0        unsigned char 
 Return value:  Size  Location     Type
                  2   63[COMRAM] int 
 Registers used:
		wreg, fsr2l, fsr2h, status,2, status,0, tblptrl, tblptrh, tblptru, prodl, prodh, cstack
 Tracked objects:
		On entry : 
		On exit  : 
		Unchanged: 
 Data sizes:     COMRAM   BANK0   BANK1   BANK2   BANK3   BANK4   BANK5   BANK6   BANK7
      Params:         7       0       0       0       0       0       0       0       0
      Locals:         0      23       0       0       0       0       0       0       0
      Temps:          6       0       0       0       0       0       0       0       0
      Totals:        13      23       0       0       0       0       0       0       0
Total ram usage:       36 bytes
 Hardware stack levels used:    1
 Hardware stack levels required when called:    3
 This function calls:
		___awdiv
		___ftadd
		___ftge
		___ftmul
		___ftneg
		___ftsub
		___fttol
		___lldiv
		___llmod
		___lltoft
		___wmul
		__div_to_l_
		__tdiv_to_l_
		_fround
		_isdigit
		_scale
 This function is called by:
		_Lcd_Write_Float
		_Lcd_Write_Integer
 This function uses a non-reentrant model


 *************** function _scale *****************
 Defined at:
		line 425 in file "C:\Program Files\Microchip\xc8\v1.38\sources\common\doprnt.c"
 Parameters:    Size  Location     Type
  scl             1    wreg     char 
 Auto vars:     Size  Location     Type
  scl             1   41[COMRAM] char 
 Return value:  Size  Location     Type
                  3   35[COMRAM] char 
 Registers used:
		wreg, status,2, status,0, tblptrl, tblptrh, tblptru, prodl, prodh, cstack
 Tracked objects:
		On entry : 
		On exit  : 
		Unchanged: 
 Data sizes:     COMRAM   BANK0   BANK1   BANK2   BANK3   BANK4   BANK5   BANK6   BANK7
      Params:         3       0       0       0       0       0       0       0       0
      Locals:         4       0       0       0       0       0       0       0       0
      Temps:          0       0       0       0       0       0       0       0       0
      Totals:         7       0       0       0       0       0       0       0       0
Total ram usage:        7 bytes
 Hardware stack levels used:    1
 Hardware stack levels required when called:    2
 This function calls:
		___awdiv
		___awmod
		___ftmul
		___wmul
 This function is called by:
		_sprintf
 This function uses a non-reentrant model


 *************** function _isdigit *****************
 Defined at:
		line 8 in file "C:\Program Files\Microchip\xc8\v1.38\sources\common\isdigit.c"
 Parameters:    Size  Location     Type
  c               1    wreg     unsigned char 
 Auto vars:     Size  Location     Type
  c               1    2[COMRAM] unsigned char 
 Return value:  Size  Location     Type
		None               void
 Registers used:
		wreg, status,2, status,0
 Tracked objects:
		On entry : 
		On exit  : 
		Unchanged: 
 Data sizes:     COMRAM   BANK0   BANK1   BANK2   BANK3   BANK4   BANK5   BANK6   BANK7
      Params:         0       0       0       0       0       0       0       0       0
      Locals:         2       0       0       0       0       0       0       0       0
      Temps:          1       0       0       0       0       0       0       0       0
      Totals:         3       0       0       0       0       0       0       0       0
Total ram usage:        3 bytes
 Hardware stack levels used:    1
 This function calls:
		Nothing
 This function is called by:
		_sprintf
 This function uses a non-reentrant model


 *************** function _fround *****************
 Defined at:
		line 409 in file "C:\Program Files\Microchip\xc8\v1.38\sources\common\doprnt.c"
 Parameters:    Size  Location     Type
  prec            1    wreg     unsigned char 
 Auto vars:     Size  Location     Type
  prec            1   44[COMRAM] unsigned char 
 Return value:  Size  Location     Type
                  3   35[COMRAM] unsigned char 
 Registers used:
		wreg, status,2, status,0, tblptrl, tblptrh, tblptru, prodl, prodh, cstack
 Tracked objects:
		On entry : 
		On exit  : 
		Unchanged: 
 Data sizes:     COMRAM   BANK0   BANK1   BANK2   BANK3   BANK4   BANK5   BANK6   BANK7
      Params:         3       0       0       0       0       0       0       0       0
      Locals:         7       0       0       0       0       0       0       0       0
      Temps:          0       0       0       0       0       0       0       0       0
      Totals:        10       0       0       0       0       0       0       0       0
Total ram usage:       10 bytes
 Hardware stack levels used:    1
 Hardware stack levels required when called:    2
 This function calls:
		___awdiv
		___awmod
		___ftmul
		___wmul
 This function is called by:
		_sprintf
 This function uses a non-reentrant model


 *************** function ___awmod *****************
 Defined at:
		line 8 in file "C:\Program Files\Microchip\xc8\v1.38\sources\common\awmod.c"
 Parameters:    Size  Location     Type
  dividend        2    0[COMRAM] int 
  divisor         2    2[COMRAM] int 
 Auto vars:     Size  Location     Type
  sign            1    5[COMRAM] unsigned char 
  counter         1    4[COMRAM] unsigned char 
 Return value:  Size  Location     Type
                  2    0[COMRAM] int 
 Registers used:
		wreg, status,2, status,0
 Tracked objects:
		On entry : 
		On exit  : 
		Unchanged: 
 Data sizes:     COMRAM   BANK0   BANK1   BANK2   BANK3   BANK4   BANK5   BANK6   BANK7
      Params:         4       0       0       0       0       0       0       0       0
      Locals:         2       0       0       0       0       0       0       0       0
      Temps:          0       0       0       0       0       0       0       0       0
      Totals:         6       0       0       0       0       0       0       0       0
Total ram usage:        6 bytes
 Hardware stack levels used:    1
 This function calls:
		Nothing
 This function is called by:
		_fround
		_scale
 This function uses a non-reentrant model


 *************** function ___awdiv *****************
 Defined at:
		line 8 in file "C:\Program Files\Microchip\xc8\v1.38\sources\common\awdiv.c"
 Parameters:    Size  Location     Type
  dividend        2    6[COMRAM] int 
  divisor         2    8[COMRAM] int 
 Auto vars:     Size  Location     Type
  quotient        2   12[COMRAM] int 
  sign            1   11[COMRAM] unsigned char 
  counter         1   10[COMRAM] unsigned char 
 Return value:  Size  Location     Type
                  2    6[COMRAM] int 
 Registers used:
		wreg, status,2, status,0
 Tracked objects:
		On entry : 
		On exit  : 
		Unchanged: 
 Data sizes:     COMRAM   BANK0   BANK1   BANK2   BANK3   BANK4   BANK5   BANK6   BANK7
      Params:         4       0       0       0       0       0       0       0       0
      Locals:         4       0       0       0       0       0       0       0       0
      Temps:          0       0       0       0       0       0       0       0       0
      Totals:         8       0       0       0       0       0       0       0       0
Total ram usage:        8 bytes
 Hardware stack levels used:    1
 This function calls:
		Nothing
 This function is called by:
		_fround
		_scale
		_sprintf
 This function uses a non-reentrant model


 *************** function __tdiv_to_l_ *****************
 Defined at:
		line 60 in file "C:\Program Files\Microchip\xc8\v1.38\sources\common\ftdivl.c"
 Parameters:    Size  Location     Type
  f1              3    0[COMRAM] float 
  f2              3    3[COMRAM] float 
 Auto vars:     Size  Location     Type
  quot            4    9[COMRAM] unsigned long 
  exp1            1   14[COMRAM] unsigned char 
  cntr            1   13[COMRAM] unsigned char 
 Return value:  Size  Location     Type
                  4    0[COMRAM] unsigned long 
 Registers used:
		wreg, status,2, status,0
 Tracked objects:
		On entry : 
		On exit  : 
		Unchanged: 
 Data sizes:     COMRAM   BANK0   BANK1   BANK2   BANK3   BANK4   BANK5   BANK6   BANK7
      Params:         6       0       0       0       0       0       0       0       0
      Locals:         6       0       0       0       0       0       0       0       0
      Temps:          3       0       0       0       0       0       0       0       0
      Totals:        15       0       0       0       0       0       0       0       0
Total ram usage:       15 bytes
 Hardware stack levels used:    1
 This function calls:
		Nothing
 This function is called by:
		_sprintf
 This function uses a non-reentrant model


 *************** function __div_to_l_ *****************
 Defined at:
		line 60 in file "C:\Program Files\Microchip\xc8\v1.38\sources\common\fldivl.c"
 Parameters:    Size  Location     Type
  f1              3    0[COMRAM] unsigned long 
  f2              3    3[COMRAM] unsigned long 
 Auto vars:     Size  Location     Type
  quot            4    6[COMRAM] unsigned long 
  exp1            1   11[COMRAM] unsigned char 
  cntr            1   10[COMRAM] unsigned char 
 Return value:  Size  Location     Type
                  4    0[COMRAM] unsigned long 
 Registers used:
		wreg, status,2, status,0
 Tracked objects:
		On entry : 
		On exit  : 
		Unchanged: 
 Data sizes:     COMRAM   BANK0   BANK1   BANK2   BANK3   BANK4   BANK5   BANK6   BANK7
      Params:         6       0       0       0       0       0       0       0       0
      Locals:         6       0       0       0       0       0       0       0       0
      Temps:          0       0       0       0       0       0       0       0       0
      Totals:        12       0       0       0       0       0       0       0       0
Total ram usage:       12 bytes
 Hardware stack levels used:    1
 This function calls:
		Nothing
 This function is called by:
		_sprintf
 This function uses a non-reentrant model


 *************** function ___lltoft *****************
 Defined at:
		line 35 in file "C:\Program Files\Microchip\xc8\v1.38\sources\common\lltoft.c"
 Parameters:    Size  Location     Type
  c               4    8[COMRAM] unsigned long 
 Auto vars:     Size  Location     Type
  exp             1   16[COMRAM] unsigned char 
 Return value:  Size  Location     Type
                  3    8[COMRAM] float 
 Registers used:
		wreg, status,2, status,0, cstack
 Tracked objects:
		On entry : 
		On exit  : 
		Unchanged: 
 Data sizes:     COMRAM   BANK0   BANK1   BANK2   BANK3   BANK4   BANK5   BANK6   BANK7
      Params:         4       0       0       0       0       0       0       0       0
      Locals:         1       0       0       0       0       0       0       0       0
      Temps:          4       0       0       0       0       0       0       0       0
      Totals:         9       0       0       0       0       0       0       0       0
Total ram usage:        9 bytes
 Hardware stack levels used:    1
 Hardware stack levels required when called:    1
 This function calls:
		___ftpack
 This function is called by:
		_sprintf
 This function uses a non-reentrant model


 *************** function ___llmod *****************
 Defined at:
		line 8 in file "C:\Program Files\Microchip\xc8\v1.38\sources\common\llmod.c"
 Parameters:    Size  Location     Type
  dividend        4   13[COMRAM] unsigned long 
  divisor         4   17[COMRAM] unsigned long 
 Auto vars:     Size  Location     Type
  counter         1   21[COMRAM] unsigned char 
 Return value:  Size  Location     Type
                  4   13[COMRAM] unsigned long 
 Registers used:
		wreg, status,2, status,0
 Tracked objects:
		On entry : 
		On exit  : 
		Unchanged: 
 Data sizes:     COMRAM   BANK0   BANK1   BANK2   BANK3   BANK4   BANK5   BANK6   BANK7
      Params:         8       0       0       0       0       0       0       0       0
      Locals:         1       0       0       0       0       0       0       0       0
      Temps:          0       0       0       0       0       0       0       0       0
      Totals:         9       0       0       0       0       0       0       0       0
Total ram usage:        9 bytes
 Hardware stack levels used:    1
 This function calls:
		Nothing
 This function is called by:
		_sprintf
 This function uses a non-reentrant model


 *************** function ___lldiv *****************
 Defined at:
		line 8 in file "C:\Program Files\Microchip\xc8\v1.38\sources\common\lldiv.c"
 Parameters:    Size  Location     Type
  dividend        4    0[COMRAM] unsigned long 
  divisor         4    4[COMRAM] unsigned long 
 Auto vars:     Size  Location     Type
  quotient        4    8[COMRAM] unsigned long 
  counter         1   12[COMRAM] unsigned char 
 Return value:  Size  Location     Type
                  4    0[COMRAM] unsigned long 
 Registers used:
		wreg, status,2, status,0
 Tracked objects:
		On entry : 
		On exit  : 
		Unchanged: 
 Data sizes:     COMRAM   BANK0   BANK1   BANK2   BANK3   BANK4   BANK5   BANK6   BANK7
      Params:         8       0       0       0       0       0       0       0       0
      Locals:         5       0       0       0       0       0       0       0       0
      Temps:          0       0       0       0       0       0       0       0       0
      Totals:        13       0       0       0       0       0       0       0       0
Total ram usage:       13 bytes
 Hardware stack levels used:    1
 This function calls:
		Nothing
 This function is called by:
		_sprintf
 This function uses a non-reentrant model


 *************** function ___ftsub *****************
 Defined at:
		line 20 in file "C:\Program Files\Microchip\xc8\v1.38\sources\common\ftsub.c"
 Parameters:    Size  Location     Type
  f1              3   57[COMRAM] float 
[...]
 Auto vars:     Size  Location     Type
  period          1    0[COMRAM] unsigned char 
 Return value:  Size  Location     Type
                  1    wreg      void 
 Registers used:
		wreg, status,2, status,0
 Tracked objects:
		On entry : 
		On exit  : 
		Unchanged: 
 Data sizes:     COMRAM   BANK0   BANK1   BANK2   BANK3   BANK4   BANK5   BANK6   BANK7
      Params:         0       0       0       0       0       0       0       0       0
      Locals:         1       0       0       0       0       0       0       0       0
      Temps:          0       0       0       0       0       0       0       0       0
      Totals:         1       0       0       0       0       0       0       0       0
Total ram usage:        1 bytes
 Hardware stack levels used:    1
 This function calls:
		Nothing
 This function is called by:
		_PWM_init
 This function uses a non-reentrant model


 *************** function _PWM_DutyCycle *****************
 Defined at:
		line 41 in file "pwm.c"
 Parameters:    Size  Location     Type
  percentageDu    1    wreg     unsigned char 
 Auto vars:     Size  Location     Type
  percentageDu    1   59[COMRAM] unsigned char 
  DC              2   60[COMRAM] unsigned int 
  DutyCycle       2   57[COMRAM] unsigned int 
 Return value:  Size  Location     Type
                  1    wreg      void 
 Registers used:
		wreg, status,2, status,0, cstack
 Tracked objects:
		On entry : 
		On exit  : 
		Unchanged: 
 Data sizes:     COMRAM   BANK0   BANK1   BANK2   BANK3   BANK4   BANK5   BANK6   BANK7
      Params:         0       0       0       0       0       0       0       0       0
      Locals:         5       0       0       0       0       0       0       0       0
      Temps:          0       0       0       0       0       0       0       0       0
      Totals:         5       0       0       0       0       0       0       0       0
Total ram usage:        5 bytes
 Hardware stack levels used:    1
 Hardware stack levels required when called:    2
 This function calls:
		_SetDCPWM1
		___ftmul
		___fttol
		___lbtoft
 This function is called by:
		_main
 This function uses a non-reentrant model


 *************** function ___lbtoft *****************
 Defined at:
		line 27 in file "C:\Program Files\Microchip\xc8\v1.38\sources\common\lbtoft.c"
 Parameters:    Size  Location     Type
  c               1    wreg     unsigned char 
 Auto vars:     Size  Location     Type
  c               1   11[COMRAM] unsigned char 
 Return value:  Size  Location     Type
                  3    8[COMRAM] float 
 Registers used:
		wreg, status,2, status,0, cstack
 Tracked objects:
		On entry : 
		On exit  : 
		Unchanged: 
 Data sizes:     COMRAM   BANK0   BANK1   BANK2   BANK3   BANK4   BANK5   BANK6   BANK7
      Params:         3       0       0       0       0       0       0       0       0
      Locals:         1       0       0       0       0       0       0       0       0
      Temps:          0       0       0       0       0       0       0       0       0
      Totals:         4       0       0       0       0       0       0       0       0
Total ram usage:        4 bytes
 Hardware stack levels used:    1
 Hardware stack levels required when called:    1
 This function calls:
		___ftpack
 This function is called by:
		_PWM_DutyCycle
 This function uses a non-reentrant model


 *************** function ___fttol *****************
 Defined at:
		line 44 in file "C:\Program Files\Microchip\xc8\v1.38\sources\common\fttol.c"
 Parameters:    Size  Location     Type
  f1              3   42[COMRAM] float 
 Auto vars:     Size  Location     Type
  lval            4   52[COMRAM] unsigned long 
  exp1            1   56[COMRAM] unsigned char 
  sign1           1   51[COMRAM] unsigned char 
 Return value:  Size  Location     Type
                  4   42[COMRAM] long 
 Registers used:
		wreg, status,2, status,0
 Tracked objects:
		On entry : 
		On exit  : 
		Unchanged: 
 Data sizes:     COMRAM   BANK0   BANK1   BANK2   BANK3   BANK4   BANK5   BANK6   BANK7
      Params:         4       0       0       0       0       0       0       0       0
      Locals:         6       0       0       0       0       0       0       0       0
      Temps:          5       0       0       0       0       0       0       0       0
      Totals:        15       0       0       0       0       0       0       0       0
Total ram usage:       15 bytes
 Hardware stack levels used:    1
 This function calls:
		Nothing
 This function is called by:
		_main
		_PWM_DutyCycle
		_sprintf
 This function uses a non-reentrant model


 *************** function ___ftmul *****************
 Defined at:
		line 62 in file "C:\Program Files\Microchip\xc8\v1.38\sources\common\ftmul.c"
 Parameters:    Size  Location     Type
  f1              3   20[COMRAM] float 
  f2              3   23[COMRAM] float 
 Auto vars:     Size  Location     Type
  f3_as_produc    3   30[COMRAM] unsigned um
  sign            1   34[COMRAM] unsigned char 
  cntr            1   33[COMRAM] unsigned char 
  exp             1   29[COMRAM] unsigned char 
 Return value:  Size  Location     Type
                  3   20[COMRAM] float 
 Registers used:
		wreg, status,2, status,0, cstack
 Tracked objects:
		On entry : 
		On exit  : 
		Unchanged: 
 Data sizes:     COMRAM   BANK0   BANK1   BANK2   BANK3   BANK4   BANK5   BANK6   BANK7
      Params:         6       0       0       0       0       0       0       0       0
      Locals:         6       0       0       0       0       0       0       0       0
      Temps:          3       0       0       0       0       0       0       0       0
      Totals:        15       0       0       0       0       0       0       0       0
Total ram usage:       15 bytes
 Hardware stack levels used:    1
 Hardware stack levels required when called:    1
 This function calls:
		___ftpack
 This function is called by:
		_temp_sense
		_linspace
		_defuzzy
		_PWM_DutyCycle
		_fround
		_scale
		_sprintf
 This function uses a non-reentrant model


 *************** function ___ftpack *****************
 Defined at:
		line 62 in file "C:\Program Files\Microchip\xc8\v1.38\sources\common\float.c"
 Parameters:    Size  Location     Type
  arg             3    0[COMRAM] unsigned um
  exp             1    3[COMRAM] unsigned char 
  sign            1    4[COMRAM] unsigned char 
 Auto vars:     Size  Location     Type
		None
 Return value:  Size  Location     Type
                  3    0[COMRAM] float 
 Registers used:
		wreg, status,2, status,0
 Tracked objects:
		On entry : 
		On exit  : 
		Unchanged: 
 Data sizes:     COMRAM   BANK0   BANK1   BANK2   BANK3   BANK4   BANK5   BANK6   BANK7
      Params:         5       0       0       0       0       0       0       0       0
      Locals:         0       0       0       0       0       0       0       0       0
      Temps:          3       0       0       0       0       0       0       0       0
      Totals:         8       0       0       0       0       0       0       0       0
Total ram usage:        8 bytes
 Hardware stack levels used:    1
 This function calls:
		Nothing
 This function is called by:
		___awtoft
		___ftadd
		___ftdiv
		___ftmul
		___lbtoft
		___lltoft
 This function uses a non-reentrant model


 *************** function _SetDCPWM1 *****************
 Defined at:
		line 7 in file "C:\Program Files\Microchip\xc8\v1.38\sources\pic18\plib\PWM\pw1setdc.c"
 Parameters:    Size  Location     Type
  dutycycle       2    0[COMRAM] unsigned int 
 Auto vars:     Size  Location     Type
  DCycle          2    4[COMRAM] struct PWMDC
 Return value:  Size  Location     Type
                  1    wreg      void 
 Registers used:
		wreg, status,2, status,0
 Tracked objects:
		On entry : 
		On exit  : 
		Unchanged: 
 Data sizes:     COMRAM   BANK0   BANK1   BANK2   BANK3   BANK4   BANK5   BANK6   BANK7
      Params:         2       0       0       0       0       0       0       0       0
      Locals:         2       0       0       0       0       0       0       0       0
      Temps:          2       0       0       0       0       0       0       0       0
      Totals:         6       0       0       0       0       0       0       0       0
Total ram usage:        6 bytes
 Hardware stack levels used:    1
 This function calls:
		Nothing
 This function is called by:
		_PWM_DutyCycle
 This function uses a non-reentrant model


 *************** function _Lcd_Init *****************
 Defined at:
		line 63 in file "lcd.c"
 Parameters:    Size  Location     Type
		None
 Auto vars:     Size  Location     Type
		None
 Return value:  Size  Location     Type
                  1    wreg      void 
 Registers used:
		wreg, status,2, cstack
 Tracked objects:
		On entry : 
		On exit  : 
		Unchanged: 
 Data sizes:     COMRAM   BANK0   BANK1   BANK2   BANK3   BANK4   BANK5   BANK6   BANK7
      Params:         0       0       0       0       0       0       0       0       0
      Locals:         0       0       0       0       0       0       0       0       0
      Temps:          1       0       0       0       0       0       0       0       0
      Totals:         1       0       0       0       0       0       0       0       0
Total ram usage:        1 bytes
 Hardware stack levels used:    1
 Hardware stack levels required when called:    2
 This function calls:
		_Lcd_Cmd
		_Lcd_Port
 This function is called by:
		_main
 This function uses a non-reentrant model


 *************** function _Lcd_Clear *****************
 Defined at:
		line 36 in file "lcd.c"
 Parameters:    Size  Location     Type
		None
 Auto vars:     Size  Location     Type
		None
 Return value:  Size  Location     Type
                  1    wreg      void 
 Registers used:
		wreg, status,2, cstack
 Tracked objects:
		On entry : 
		On exit  : 
		Unchanged: 
 Data sizes:     COMRAM   BANK0   BANK1   BANK2   BANK3   BANK4   BANK5   BANK6   BANK7
      Params:         0       0       0       0       0       0       0       0       0
      Locals:         0       0       0       0       0       0       0       0       0
      Temps:          0       0       0       0       0       0       0       0       0
      Totals:         0       0       0       0       0       0       0       0       0
Total ram usage:        0 bytes
 Hardware stack levels used:    1
 Hardware stack levels required when called:    2
 This function calls:
		_Lcd_Cmd
 This function is called by:
		_main
 This function uses a non-reentrant model


 *************** function _Lcd_Cmd *****************
 Defined at:
		line 27 in file "lcd.c"
 Parameters:    Size  Location     Type
  a               1    wreg     unsigned char 
 Auto vars:     Size  Location     Type
  a               1    2[COMRAM] unsigned char 
 Return value:  Size  Location     Type
                  1    wreg      void 
 Registers used:
		wreg, status,2, cstack
 Tracked objects:
		On entry : 
		On exit  : 
		Unchanged: 
 Data sizes:     COMRAM   BANK0   BANK1   BANK2   BANK3   BANK4   BANK5   BANK6   BANK7
      Params:         0       0       0       0       0       0       0       0       0
      Locals:         1       0       0       0       0       0       0       0       0
      Temps:          1       0       0       0       0       0       0       0       0
      Totals:         2       0       0       0       0       0       0       0       0
Total ram usage:        2 bytes
 Hardware stack levels used:    1
 Hardware stack levels required when called:    1
 This function calls:
		_Lcd_Port
 This function is called by:
		_Lcd_Clear
		_Lcd_Set_Cursor
		_Lcd_Init
		_Lcd_Shift_Right
		_Lcd_Shift_Left
 This function uses a non-reentrant model


 *************** function _Lcd_Port *****************
 Defined at:
		line 5 in file "lcd.c"
 Parameters:    Size  Location     Type
  a               1    wreg     unsigned char 
 Auto vars:     Size  Location     Type
  a               1    0[COMRAM] unsigned char 
 Return value:  Size  Location     Type
                  1    wreg      void 
 Registers used:
		wreg
 Tracked objects:
		On entry : 
		On exit  : 
		Unchanged: 
 Data sizes:     COMRAM   BANK0   BANK1   BANK2   BANK3   BANK4   BANK5   BANK6   BANK7
      Params:         0       0       0       0       0       0       0       0       0
      Locals:         1       0       0       0       0       0       0       0       0
      Temps:          0       0       0       0       0       0       0       0       0
      Totals:         1       0       0       0       0       0       0       0       0
Total ram usage:        1 bytes
 Hardware stack levels used:    1
 This function calls:
		Nothing
 This function is called by:
		_Lcd_Cmd
		_Lcd_Init
		_Lcd_Write_Char
 This function uses a non-reentrant model


 *************** function _Init_ADC *****************
 Defined at:
		line 5 in file "ADC.c"
 Parameters:    Size  Location     Type
		None
 Auto vars:     Size  Location     Type
		None
 Return value:  Size  Location     Type
                  1    wreg      void 
 Registers used:
		wreg, status,2
 Tracked objects:
		On entry : 
		On exit  : 
		Unchanged: 
 Data sizes:     COMRAM   BANK0   BANK1   BANK2   BANK3   BANK4   BANK5   BANK6   BANK7
      Params:         0       0       0       0       0       0       0       0       0
      Locals:         0       0       0       0       0       0       0       0       0
      Temps:          0       0       0       0       0       0       0       0       0
      Totals:         0       0       0       0       0       0       0       0       0
Total ram usage:        0 bytes
 Hardware stack levels used:    1
 This function calls:
		Nothing
 This function is called by:
		_main
 This function uses a non-reentrant model



MODULE INFORMATION

Module		Function		Class		Link	Load	Size
C:\Program Files\Microchip\xc8\v1.38\sources\pic18\plib\PWM\pw1setdc.c
		_SetDCPWM1     		CODE           	33F2	0000	59

C:\Program Files\Microchip\xc8\v1.38\sources\pic18\plib\PWM\pw1setdc.c estimated size: 59

C:\Program Files\Microchip\xc8\v1.38\sources\common\fldivl.c
		__div_to_l_    		CODE           	2756	0000	297

C:\Program Files\Microchip\xc8\v1.38\sources\common\fldivl.c estimated size: 297

C:\Program Files\Microchip\xc8\v1.38\sources\common\ftmul.c
		___ftmul       		CODE           	2A72	0000	245

C:\Program Files\Microchip\xc8\v1.38\sources\common\ftmul.c estimated size: 245

C:\Program Files\Microchip\xc8\v1.38\sources\common\ftdiv.c
		___ftdiv       		CODE           	2C4C	0000	231

C:\Program Files\Microchip\xc8\v1.38\sources\common\ftdiv.c estimated size: 231

C:\Program Files\Microchip\xc8\v1.38\sources\common\awdiv.c
		___awdiv       		CODE           	2FEA	0000	133

C:\Program Files\Microchip\xc8\v1.38\sources\common\awdiv.c estimated size: 133

fuzzy.c
		_trapezoidal   		CODE           	1E78	0000	575
		_trap_mf       		CODE           	23C4	0000	311
		_qualified     		CODE           	2B66	0000	231
		_out_mf        		CODE           	19CE	0000	613
		_linspace      		CODE           	287E	0000	257
		_defuzzy       		CODE           	2262	0000	355
		_fuzzy_system_single		CODE           	1198	0000	1095

fuzzy.c estimated size: 3437

C:\Program Files\Microchip\xc8\v1.38\sources\common\awtoft.c
		___awtoft      		CODE           	3464	0000	57

C:\Program Files\Microchip\xc8\v1.38\sources\common\awtoft.c estimated size: 57

C:\Program Files\Microchip\xc8\v1.38\sources\common\lbtoft.c
		___lbtoft      		CODE           	35F6	0000	37

C:\Program Files\Microchip\xc8\v1.38\sources\common\lbtoft.c estimated size: 37

C:\Program Files\Microchip\xc8\v1.38\sources\common\lldiv.c
		___lldiv       		CODE           	306E	0000	131

C:\Program Files\Microchip\xc8\v1.38\sources\common\lldiv.c estimated size: 131

C:\Program Files\Microchip\xc8\v1.38\sources\common\fttol.c
		___fttol       		CODE           	297E	0000	245

C:\Program Files\Microchip\xc8\v1.38\sources\common\fttol.c estimated size: 245

C:\Program Files\Microchip\xc8\v1.38\sources\pic18\plib\Timers\t2open.c
		_OpenTimer2    		CODE           	3658	0000	29

C:\Program Files\Microchip\xc8\v1.38\sources\pic18\plib\Timers\t2open.c estimated size: 29

pwm.c
		_PWM_DutyCycle 		CODE           	3308	0000	91
		_PWM_init      		CODE           	3674	0000	25

pwm.c estimated size: 116

C:\Program Files\Microchip\xc8\v1.38\sources\common\doprnt.c
		_scale         		CODE           	15DE	0000	1009
		_sprintf       		CODE           	089A	0000	2303
		_fround        		CODE           	1C32	0000	583

C:\Program Files\Microchip\xc8\v1.38\sources\common\doprnt.c estimated size: 3895

C:\Program Files\Microchip\xc8\v1.38\sources\common\lltoft.c
		___lltoft      		CODE           	32AC	0000	93

C:\Program Files\Microchip\xc8\v1.38\sources\common\lltoft.c estimated size: 93

funciones.c
		_mcu_init      		CODE           	3558	0000	43

funciones.c estimated size: 43

C:\Program Files\Microchip\xc8\v1.38\sources\common\ftadd.c
		___ftadd       		CODE           	20B6	0000	429

C:\Program Files\Microchip\xc8\v1.38\sources\common\ftadd.c estimated size: 429

C:\Program Files\Microchip\xc8\v1.38\sources\pic18\plib\PWM\pw1open.c
		_OpenPWM1      		CODE           	368C	0000	19

C:\Program Files\Microchip\xc8\v1.38\sources\pic18\plib\PWM\pw1open.c estimated size: 19

shared
		__powers_      		SMALLCONST     	0850	0000	40
		_dpowers       		SMALLCONST     	0801	0000	41
		__npowers_     		SMALLCONST     	0829	0000	40
		__initialization		CODE           	34CE	0000	39

shared estimated size: 160

ADC.c
		_Init_ADC      		CODE           	3582	0000	43
		_ADC_select_channel		CODE           	2D32	0000	227
		_Leer_ADC      		CODE           	349C	0000	51

ADC.c estimated size: 321

C:\Program Files\Microchip\xc8\v1.38\sources\common\ftdivl.c
		__tdiv_to_l_   		CODE           	24FA	0000	307

C:\Program Files\Microchip\xc8\v1.38\sources\common\ftdivl.c estimated size: 307

C:\Program Files\Microchip\xc8\v1.38\sources\common\ftneg.c
		___ftneg       		CODE           	35D2	0000	37

C:\Program Files\Microchip\xc8\v1.38\sources\common\ftneg.c estimated size: 37

C:\Program Files\Microchip\xc8\v1.38\sources\common\Umul16.c
		___wmul        		CODE           	35AC	0000	39

C:\Program Files\Microchip\xc8\v1.38\sources\common\Umul16.c estimated size: 39

C:\Program Files\Microchip\xc8\v1.38\sources\common\ftsub.c
		___ftsub       		CODE           	33B2	0000	65

C:\Program Files\Microchip\xc8\v1.38\sources\common\ftsub.c estimated size: 65

C:\Program Files\Microchip\xc8\v1.38\sources\common\float.c
		___ftpack      		CODE           	2E14	0000	175

C:\Program Files\Microchip\xc8\v1.38\sources\common\float.c estimated size: 175

lcd.c
		_Lcd_Write_String		CODE           	3164	0000	115
		_Lcd_Init      		CODE           	30F0	0000	117
		_Lcd_Write_Char		CODE           	342C	0000	57
		_Lcd_Cmd       		CODE           	361A	0000	33
		_Lcd_Write_Float		CODE           	34FE	0000	47
		_Lcd_Set_Cursor		CODE           	3362	0000	81
		_Lcd_Clear     		CODE           	369E	0000	15
		_Lcd_Port      		CODE           	352C	0000	45

lcd.c estimated size: 510

lm35.c
		_temp_sense    		CODE           	262C	0000	299

lm35.c estimated size: 299

C:\Program Files\Microchip\xc8\v1.38\sources\common\ftge.c
		___ftge        		CODE           	2F5A	0000	145

C:\Program Files\Microchip\xc8\v1.38\sources\common\ftge.c estimated size: 145

C:\Program Files\Microchip\xc8\v1.38\sources\common\awmod.c
		___awmod       		CODE           	31D6	0000	113

C:\Program Files\Microchip\xc8\v1.38\sources\common\awmod.c estimated size: 113

main.c
		_main          		CODE           	2EC2	0000	153

main.c estimated size: 153

C:\Program Files\Microchip\xc8\v1.38\sources\common\llmod.c
		___llmod       		CODE           	3246	0000	103

C:\Program Files\Microchip\xc8\v1.38\sources\common\llmod.c estimated size: 103

C:\Program Files\Microchip\xc8\v1.38\sources\common\isdigit.c
		_isdigit       		CODE           	363A	0000	31

C:\Program Files\Microchip\xc8\v1.38\sources\common\isdigit.c estimated size: 31

